EN lab4 NULL "C:/Users/WARA/Desktop/2D_2/Advance Digital System Design Laboratory/lab4/lab4.vhd" sub00/vhpl00 1519025557
EN ttttt NULL "C:/Users/WARA/Desktop/2D_2/Advance Digital System Design Laboratory/lab4/lab4.vhd" sub00/vhpl02 1518411429
AR ttttt behavioral "C:/Users/WARA/Desktop/2D_2/Advance Digital System Design Laboratory/lab4/lab4.vhd" sub00/vhpl03 1518411430
AR lab4 behavioral "C:/Users/WARA/Desktop/2D_2/Advance Digital System Design Laboratory/lab4/lab4.vhd" sub00/vhpl01 1519025558
