Release 14.7 - xst P.20131013 (nt64)
Copyright (c) 1995-2013 Xilinx, Inc.  All rights reserved.
--> Parameter TMPDIR set to xst/projnav.tmp


Total REAL time to Xst completion: 0.00 secs
Total CPU time to Xst completion: 0.10 secs
 
--> Parameter xsthdpdir set to xst


Total REAL time to Xst completion: 0.00 secs
Total CPU time to Xst completion: 0.10 secs
 
--> Reading design: ttttt.prj

TABLE OF CONTENTS
  1) Synthesis Options Summary
  2) HDL Compilation
  3) Design Hierarchy Analysis
  4) HDL Analysis
  5) HDL Synthesis
     5.1) HDL Synthesis Report
  6) Advanced HDL Synthesis
     6.1) Advanced HDL Synthesis Report
  7) Low Level Synthesis
  8) Partition Report
  9) Final Report
	9.1) Device utilization summary
	9.2) Partition Resource Summary
	9.3) TIMING REPORT


=========================================================================
*                      Synthesis Options Summary                        *
=========================================================================
---- Source Parameters
Input File Name                    : "ttttt.prj"
Input Format                       : mixed
Ignore Synthesis Constraint File   : NO

---- Target Parameters
Output File Name                   : "ttttt"
Output Format                      : NGC
Target Device                      : xc3s400-4-tq144

---- Source Options
Top Module Name                    : ttttt
Automatic FSM Extraction           : YES
FSM Encoding Algorithm             : Auto
Safe Implementation                : No
FSM Style                          : LUT
RAM Extraction                     : Yes
RAM Style                          : Auto
ROM Extraction                     : Yes
Mux Style                          : Auto
Decoder Extraction                 : YES
Priority Encoder Extraction        : Yes
Shift Register Extraction          : YES
Logical Shifter Extraction         : YES
XOR Collapsing                     : YES
ROM Style                          : Auto
Mux Extraction                     : Yes
Resource Sharing                   : YES
Asynchronous To Synchronous        : NO
Multiplier Style                   : Auto
Automatic Register Balancing       : No

---- Target Options
Add IO Buffers                     : YES
Global Maximum Fanout              : 500
Add Generic Clock Buffer(BUFG)     : 8
Register Duplication               : YES
Slice Packing                      : YES
Optimize Instantiated Primitives   : NO
Use Clock Enable                   : Yes
Use Synchronous Set                : Yes
Use Synchronous Reset              : Yes
Pack IO Registers into IOBs        : Auto
Equivalent register Removal        : YES

---- General Options
Optimization Goal                  : Speed
Optimization Effort                : 1
Keep Hierarchy                     : No
Netlist Hierarchy                  : As_Optimized
RTL Output                         : Yes
Global Optimization                : AllClockNets
Read Cores                         : YES
Write Timing Constraints           : NO
Cross Clock Analysis               : NO
Hierarchy Separator                : /
Bus Delimiter                      : <>
Case Specifier                     : Maintain
Slice Utilization Ratio            : 100
BRAM Utilization Ratio             : 100
Verilog 2001                       : YES
Auto BRAM Packing                  : NO
Slice Utilization Ratio Delta      : 5

=========================================================================


=========================================================================
*                          HDL Compilation                              *
=========================================================================
Compiling vhdl file "C:/Users/WARA/Desktop/2D_2/Advance Digital System Design Laboratory/lab4/lab4.vhd" in Library work.
Architecture behavioral of Entity ttttt is up to date.

=========================================================================
*                     Design Hierarchy Analysis                         *
=========================================================================
Analyzing hierarchy for entity <ttttt> in library <work> (architecture <behavioral>).


=========================================================================
*                            HDL Analysis                               *
=========================================================================
Analyzing Entity <ttttt> in library <work> (Architecture <behavioral>).
Entity <ttttt> analyzed. Unit <ttttt> generated.


=========================================================================
*                           HDL Synthesis                               *
=========================================================================

Performing bidirectional port resolution...

Synthesizing Unit <ttttt>.
    Related source file is "C:/Users/WARA/Desktop/2D_2/Advance Digital System Design Laboratory/lab4/lab4.vhd".
    Found 16x7-bit ROM for signal <Y>.
    Found 1-bit register for signal <dot>.
    Found 4-bit register for signal <com>.
    Found 19-bit comparator greater for signal <com$cmp_gt0000> created at line 109.
    Found 19-bit comparator greater for signal <com$cmp_gt0001> created at line 83.
    Found 19-bit comparator greater for signal <com$cmp_gt0002> created at line 96.
    Found 19-bit comparator less for signal <com$cmp_lt0000> created at line 109.
    Found 19-bit comparator less for signal <com$cmp_lt0001> created at line 77.
    Found 19-bit comparator less for signal <com$cmp_lt0002> created at line 83.
    Found 19-bit comparator less for signal <com$cmp_lt0003> created at line 96.
    Found 19-bit up counter for signal <common>.
    Found 24-bit up counter for signal <count_clock>.
    Found 24-bit up counter for signal <count_clock_1>.
    Found 24-bit comparator greatequal for signal <dot$cmp_ge0000> created at line 99.
    Found 19-bit comparator greatequal for signal <dot$cmp_ge0001> created at line 77.
    Found 19-bit comparator greatequal for signal <dot$cmp_ge0002> created at line 83.
    Found 19-bit comparator greatequal for signal <dot$cmp_ge0003> created at line 96.
    Found 24-bit comparator greater for signal <dot$cmp_gt0000> created at line 102.
    Found 24-bit comparator lessequal for signal <dot$cmp_le0000> created at line 102.
    Found 19-bit comparator lessequal for signal <dot$cmp_le0001> created at line 83.
    Found 19-bit comparator lessequal for signal <dot$cmp_le0002> created at line 96.
    Found 4-bit up counter for signal <hour1>.
    Found 2-bit up counter for signal <hour2>.
    Found 4-bit up counter for signal <min1>.
    Found 6-bit up counter for signal <min2>.
    Found 4-bit up counter for signal <sec1>.
    Found 3-bit up counter for signal <sec2>.
    Found 1-bit register for signal <toggle_clock>.
    Found 4-bit register for signal <X>.
    Summary:
	inferred   1 ROM(s).
	inferred   9 Counter(s).
	inferred  10 D-type flip-flop(s).
	inferred  15 Comparator(s).
Unit <ttttt> synthesized.


=========================================================================
HDL Synthesis Report

Macro Statistics
# ROMs                                                 : 1
 16x7-bit ROM                                          : 1
# Counters                                             : 9
 19-bit up counter                                     : 1
 2-bit up counter                                      : 1
 24-bit up counter                                     : 2
 3-bit up counter                                      : 1
 4-bit up counter                                      : 3
 6-bit up counter                                      : 1
# Registers                                            : 4
 1-bit register                                        : 2
 4-bit register                                        : 2
# Comparators                                          : 15
 19-bit comparator greatequal                          : 3
 19-bit comparator greater                             : 3
 19-bit comparator less                                : 4
 19-bit comparator lessequal                           : 2
 24-bit comparator greatequal                          : 1
 24-bit comparator greater                             : 1
 24-bit comparator lessequal                           : 1

=========================================================================

=========================================================================
*                       Advanced HDL Synthesis                          *
=========================================================================


Synthesizing (advanced) Unit <ttttt>.
INFO:Xst:3034 - In order to maximize performance and save block RAM resources, the small ROM <Mrom_Y> will be implemented on LUT. If you want to force its implementation on block, use option/constraint rom_style.
Unit <ttttt> synthesized (advanced).

=========================================================================
Advanced HDL Synthesis Report

Macro Statistics
# ROMs                                                 : 1
 16x7-bit ROM                                          : 1
# Counters                                             : 9
 19-bit up counter                                     : 1
 2-bit up counter                                      : 1
 24-bit up counter                                     : 2
 3-bit up counter                                      : 1
 4-bit up counter                                      : 3
 6-bit up counter                                      : 1
# Registers                                            : 10
 Flip-Flops                                            : 10
# Comparators                                          : 15
 19-bit comparator greatequal                          : 3
 19-bit comparator greater                             : 3
 19-bit comparator less                                : 4
 19-bit comparator lessequal                           : 2
 24-bit comparator greatequal                          : 1
 24-bit comparator greater                             : 1
 24-bit comparator lessequal                           : 1

=========================================================================

=========================================================================
*                         Low Level Synthesis                           *
=========================================================================

Optimizing unit <ttttt> ...

Mapping all equations...
Building and optimizing final netlist ...
Found area constraint ratio of 100 (+ 5) on block ttttt, actual ratio is 3.

Final Macro Processing ...

=========================================================================
Final Register Report

Macro Statistics
# Registers                                            : 100
 Flip-Flops                                            : 100

=========================================================================

=========================================================================
*                           Partition Report                            *
=========================================================================

Partition Implementation Status
-------------------------------

  No Partitions were found in this design.

-------------------------------

=========================================================================
*                            Final Report                               *
=========================================================================
Final Results
RTL Top Level Output File Name     : ttttt.ngr
Top Level Output File Name         : ttttt
Output Format                      : NGC
Optimization Goal                  : Speed
Keep Hierarchy                     : No

Design Statistics
# IOs                              : 13

Cell Usage :
# BELS                             : 445
#      GND                         : 1
#      INV                         : 31
#      LUT1                        : 89
#      LUT2                        : 27
#      LUT2_L                      : 1
#      LUT3                        : 19
#      LUT3_L                      : 1
#      LUT4                        : 50
#      LUT4_D                      : 1
#      LUT4_L                      : 4
#      MUXCY                       : 153
#      VCC                         : 1
#      XORCY                       : 67
# FlipFlops/Latches                : 100
#      FD                          : 43
#      FDE                         : 5
#      FDR                         : 27
#      FDRE                        : 21
#      FDS                         : 1
#      FDSE                        : 3
# Clock Buffers                    : 2
#      BUFG                        : 1
#      BUFGP                       : 1
# IO Buffers                       : 12
#      OBUF                        : 12
=========================================================================

Device utilization summary:
---------------------------

Selected Device : 3s400tq144-4 

 Number of Slices:                      116  out of   3584     3%  
 Number of Slice Flip Flops:            100  out of   7168     1%  
 Number of 4 input LUTs:                223  out of   7168     3%  
 Number of IOs:                          13
 Number of bonded IOBs:                  13  out of     97    13%  
 Number of GCLKs:                         2  out of      8    25%  

---------------------------
Partition Resource Summary:
---------------------------

  No Partitions were found in this design.

---------------------------


=========================================================================
TIMING REPORT

NOTE: THESE TIMING NUMBERS ARE ONLY A SYNTHESIS ESTIMATE.
      FOR ACCURATE TIMING INFORMATION PLEASE REFER TO THE TRACE REPORT
      GENERATED AFTER PLACE-and-ROUTE.

Clock Information:
------------------
-----------------------------------+------------------------+-------+
Clock Signal                       | Clock buffer(FF name)  | Load  |
-----------------------------------+------------------------+-------+
clock                              | BUFGP                  | 77    |
toggle_clock1                      | BUFG                   | 23    |
-----------------------------------+------------------------+-------+

Asynchronous Control Signals Information:
----------------------------------------
No asynchronous control signals found in this design

Timing Summary:
---------------
Speed Grade: -4

   Minimum period: 8.554ns (Maximum Frequency: 116.904MHz)
   Minimum input arrival time before clock: No path found
   Maximum output required time after clock: 9.121ns
   Maximum combinational path delay: No path found

Timing Detail:
--------------
All values displayed in nanoseconds (ns)

=========================================================================
Timing constraint: Default period analysis for Clock 'clock'
  Clock period: 8.554ns (frequency: 116.904MHz)
  Total number of paths / destination ports: 3171 / 115
-------------------------------------------------------------------------
Delay:               8.554ns (Levels of Logic = 11)
  Source:            common_3 (FF)
  Destination:       dot (FF)
  Source Clock:      clock rising
  Destination Clock: clock rising

  Data Path: common_3 to dot
                                Gate     Net
    Cell:in->out      fanout   Delay   Delay  Logical Name (Net Name)
    ----------------------------------------  ------------
     FD:C->Q               6   0.720   1.342  common_3 (common_3)
     LUT1:I0->O            1   0.551   0.000  Mcompar_com_cmp_gt0000_cy<1>_0_rt (Mcompar_com_cmp_gt0000_cy<1>_0_rt)
     MUXCY:S->O            1   0.500   0.000  Mcompar_com_cmp_gt0000_cy<1>_0 (Mcompar_com_cmp_gt0000_cy<1>1)
     MUXCY:CI->O           1   0.064   0.000  Mcompar_com_cmp_gt0000_cy<2>_0 (Mcompar_com_cmp_gt0000_cy<2>1)
     MUXCY:CI->O           1   0.064   0.000  Mcompar_com_cmp_gt0000_cy<3>_0 (Mcompar_com_cmp_gt0000_cy<3>1)
     MUXCY:CI->O           1   0.064   0.000  Mcompar_com_cmp_gt0000_cy<4>_0 (Mcompar_com_cmp_gt0000_cy<4>1)
     MUXCY:CI->O           1   0.064   0.000  Mcompar_com_cmp_gt0000_cy<5>_0 (Mcompar_com_cmp_gt0000_cy<5>1)
     MUXCY:CI->O           1   0.064   0.000  Mcompar_com_cmp_gt0000_cy<6>_0 (Mcompar_com_cmp_gt0000_cy<6>1)
     MUXCY:CI->O           1   0.064   0.000  Mcompar_com_cmp_gt0000_cy<7>_0 (Mcompar_com_cmp_gt0000_cy<7>1)
     MUXCY:CI->O           8   0.303   1.422  Mcompar_com_cmp_gt0000_cy<8>_0 (Mcompar_com_cmp_gt0000_cy<8>1)
     LUT4_D:I0->O          1   0.551   0.827  dot_not000134_SW1 (N23)
     LUT4:I3->O            1   0.551   0.801  dot_not000134 (dot_not0001)
     FDRE:CE                   0.602          dot
    ----------------------------------------
    Total                      8.554ns (4.162ns logic, 4.392ns route)
                                       (48.7% logic, 51.3% route)

=========================================================================
Timing constraint: Default period analysis for Clock 'toggle_clock1'
  Clock period: 7.746ns (frequency: 129.099MHz)
  Total number of paths / destination ports: 371 / 65
-------------------------------------------------------------------------
Delay:               7.746ns (Levels of Logic = 3)
  Source:            hour1_2 (FF)
  Destination:       min2_0 (FF)
  Source Clock:      toggle_clock1 rising
  Destination Clock: toggle_clock1 rising

  Data Path: hour1_2 to min2_0
                                Gate     Net
    Cell:in->out      fanout   Delay   Delay  Logical Name (Net Name)
    ----------------------------------------  ------------
     FDRE:C->Q             4   0.720   1.256  hour1_2 (hour1_2)
     LUT3:I0->O            1   0.551   0.827  hour2_and0000_SW0 (N01)
     LUT4:I3->O            7   0.551   1.261  hour2_and0000 (hour2_and0000)
     LUT2:I1->O            6   0.551   1.003  min2_or00001 (min2_or0000)
     FDRE:R                    1.026          min2_0
    ----------------------------------------
    Total                      7.746ns (3.399ns logic, 4.347ns route)
                                       (43.9% logic, 56.1% route)

=========================================================================
Timing constraint: Default OFFSET OUT AFTER for Clock 'clock'
  Total number of paths / destination ports: 33 / 12
-------------------------------------------------------------------------
Offset:              9.121ns (Levels of Logic = 2)
  Source:            X_3 (FF)
  Destination:       Y<6> (PAD)
  Source Clock:      clock rising

  Data Path: X_3 to Y<6>
                                Gate     Net
    Cell:in->out      fanout   Delay   Delay  Logical Name (Net Name)
    ----------------------------------------  ------------
     FDE:C->Q              7   0.720   1.405  X_3 (X_3)
     LUT4:I0->O            1   0.551   0.801  Mrom_Y21 (Y_2_OBUF)
     OBUF:I->O                 5.644          Y_2_OBUF (Y<2>)
    ----------------------------------------
    Total                      9.121ns (6.915ns logic, 2.206ns route)
                                       (75.8% logic, 24.2% route)

=========================================================================


Total REAL time to Xst completion: 5.00 secs
Total CPU time to Xst completion: 4.79 secs
 
--> 

Total memory usage is 340692 kilobytes

Number of errors   :    0 (   0 filtered)
Number of warnings :    0 (   0 filtered)
Number of infos    :    1 (   0 filtered)

